[Build]
* UQ-DAS
[17:04 0.47] kang39@WTH:ORAN $ git clone git@121.0.140.43:sw/uq-das/ap.git uq-das-test
[17:08 1.44] kang39@WTH:ORAN $ cd uq-das-test/
[17:09 0.51] kang39@WTH:uq-das-test $ git checkout 5g_shard_cell/master
[17:16 0.11] kang39@WTH:uq-das-test $ make update
[17:17 0.08] kang39@WTH:uq-das-test $ _sel
6
[17:18 0.07] kang39@WTH:uq-das-test $ ll ./configs/
[17:19 0.07] kang39@WTH:uq-das-test $ make ru_n77_g
Configuring for configs/ru_n77_g_defconfig
[17:21 0.12] kang39@WTH:uq-das-test $ make

* m-plane_libs
make clean
./build.sh	(_sel)
~tar.gz



[CLI]
app_sh
sysrepoctl -l		: 운용 module

sync -s
net -h 0			: set reset by call-home hello timeout; 0:disable
net -s				:
net -o				: set o-ran-studio interworking mac_address
log -d				: show log activation status
log -s warn			:
mt -s				: software download, install, active | freeFTPd Settings 실행시켜 놓고
user -s				: oran user/password


[Conformance Test]
ORAN M-plane specification version과 ORAN conformance test version을 일치시킨 후 비교하면서. 두 문서간 항목이 일치하면 맞는 것으로 볼 수 있다.
MAC Address 설정 일치 확인: net -s | net -o | ORAN Studio | fw_printenv | ifconfig cpri0 interface
	-. 실제 납품 장비 테스트 시 다시 문의할 것
<create-subscription> 구독 <-> noti -> noti를 받으려면 필요
<infinite-run>
<filter-type> get filter 설정을 통해 원하는 내용 get 가능
troubleshooting -> log 가져오기
ProgramData/Keysight/MPlane/Client/ConformanceTest_batchs 이용해서 테스트 -> 맞는 버전은 문의해서 선정. 카피 후 수정해서 테스트.
	log 폴더에서 각 테스트 항목별로 확인



ConformanceTest_batchs_7.0-NP_SOLID 디렉토리 생성 - copy from ConformanceTest_batchs_7.0
	C:\ProgramData\Keysight\MPlane\Client\ConformanceTest_batchs_7.0-NP_SOLID
v7_np_solid 디렉토리 생성 - copy from v7_nokia
	C:\ProgramData\Keysight\MPlane\Client\duprofile\v7_np_solid

DhcpServer.bat -> 그대로 사용. Start_DHCP_Server_v7_np_solid.bat 파일을 실행시키면 자동으로 실행됨.
MPlaneClient.bat -> 그대로 사용
00_Start_DHCP_Server_v7_np_solid.bat -> 생성. duprofile/v7_np_solid 수정

<sequence>
1. 00_Start_DHCP_Server_v7_np_solid.bat
2. MPlaneClient.bat
3. 


[Git]
* Branch 변경 시 git status가 modified로 표시되는 문제
	$ git submodule update --checkout
	~/.gitconfig file의 [alias] 에 아래와 같이 alias를 추가하시면 이후 'git cosuc master', 'git cosuc jtower-5band'로 손쉽게 checkout & submodule update를 할 수 있습니다.  cosuc는 'CheckOut and Submodule Update Checkout'을 줄여서 쓴 것이지만 각자 편한 alias 이름을 지어주시면 되겠습니다.
	[alias]
    cosuc = !sh -c 'git checkout "$1" && git submodule update --checkout' -
* head를 가리킬때
kang39@BOOK-PVIEOTPVKE:~/worksub/SIM/sim-uq-das1/hal/drivers/rfic/afe77xxd/api$ git br
* (HEAD detached at ff3fe31)
  master
kang39@BOOK-PVIEOTPVKE:~/worksub/SIM/sim-uq-das-org/hal/drivers/rfic/afe77xxd/api$ git submodule init
kang39@BOOK-PVIEOTPVKE:~/worksub/SIM/sim-uq-das-org/hal/drivers/rfic/afe77xxd/api$ git submodule update
kang39@BOOK-PVIEOTPVKE:~/worksub/SIM/sim-uq-das-org/hal/drivers/rfic/afe77xxd/api$ git pull origin master
kang39@BOOK-PVIEOTPVKE:~/worksub/SIM/sim-uq-das-org/hal/drivers/rfic/afe77xxd/api$ git checkout master


 
[Network]
* UQ-DAS IP 설정
fw_printenv
fw_setenv ipaddr 192.168.1.89(할당받은 IP)
fw_setenv serverip 192.168.1.57(my pc)

* SSH 자동 연결, TeraTerm
192.168.50.219 /ssh2 /auth=password /user=kang39 /passwd=samji123

[OS]
* boot message에 많은 정보가 있다.
	Zynq MP First Stage Boot Loader
	Release 2023.1   May  1 2023  -  00:38:12
	MultiBootOffset: 0x340
	Reset Mode      :       System Reset
	Platform: Silicon (4.0), Running on A53-0 (64-bit) Processor, Device Name: XCZU11EG
	Ethernet PHY reset (MIO62)
	QSPI 32 bit Boot Mode
	FlashID=0x20 0xBB 0x21
	FLD_BL_1: ver=v1.0.0, date=0x676152AA
	FLD_BL_2: ver=v0.0.0, date=0x0
	Non authenticated Bitstream download to start now
	PL Configuration done successfully

  install 'oru_ap.pkg.1' package ... OK
  override /media/cfg/rootfs to /
  override /media/work/rootfs to /

* xsa 파일은 압축된 파일일뿐. 풀어보면 fpga bit file 외에 top 파일 등등이 있음.
	* device-tree
	* md
	* mm
	* fpga -d


[ORAN Studio]
원격 데스크톱 연결 - 192.168.50.144	ID:administrator PW:keysight4u
bat파일: ProgramData/Keysight/MPlane/Client
Profile: ProgramData/Keysight/MPlane/Client/duprofile/v7_np

MPlaneClient.bat 실행: ProgramData/Keysight/MPlane/Client
bat 파일 실행
	Start_M-Plane_Client_v7_100m_NP_SOLID_B4.bat
		실행 전 NP에 맞는 파일 생성. 위 배치 파일에 생성된 파일 적용.
		o-ran-uplane-conf-dynamic_bw_100m_4RX_rru.json
		client_config_default_call_flow_np_solid.json
		default_call_flow_default_np_solid.xml

uc -s	: user plane
	parameter 및 config 값이 제대로 보여야 RF 출력이 나감.

[PKG]
* 배포 pkg - UQ-DAS
\\192.168.50.220\통신개발팀\중계기\UQ NR DAS\3. SW\Image\ru_n77_g\10_솔리드배포\241001_V3.0.2
ru_n77_g_bl-v1.0.0-0-ge4a5137.pkg
ru_n77_g_os-v1.0.0-0-ge4a5137.pkg
ru_n77_g_ap_v3.0.2-1-gefd1d4a0_241001A.pkg

* update
[13:18 0.00] kang39@WTH:uq-das-test $ cd out/
[13:18 0.24] kang39@WTH:out $ ls
app-ru_n77_g  autogen  ru_n77_g_ap.pkg
>>copy해서 사용

hw/rru/rootfs/root/ 디렉토리에 파일을 갖다 놓고 make하면 pkg가 만들어지는데 이걸 장비에 인스톨하고 reboot하면 /root 디렉토리에 파일이 들어.
-----------------------------------------------
// 다운로드
(1) tftp
장비에서 ap<enter>
pc의 tftp 프로그램 기준으로 ./ru_n77_g/ru_n77_g_ap.pkg 을 다운로드함
- path가 중요함
(2) winscp
winscp에서 장비에 /root에 
pkg -i 파일명<enter>
reboot

[PRIORITY]
configs>glob_cfg.mk

[Simulator]
* hal/mach/sim/OREADME.rst
-. DKK 700MHz simulator(AFE7728D)
아래 코드 추가 필요
#ifdef CONFIG_MACH_SIM
static uint8_t AFE77D_LIBS_RUN_MODE = AFE_LIBS_MISSION_MODE;
#else
static uint8_t AFE77D_LIBS_RUN_MODE = AFE_LIBS_SIMULATION_MODE;
#endif




[SDK]
* 설치
\\192.168.50.220\통신개발팀\SW_Server\tools\PetaLinux 내부의 버전별 파일 선택 후 copy and paste
petalinux-xxx.sh 실행 (권한이 필요하면 권한 설정)
sourcing or _sel
* 프로젝트별(최근 프로젝트는 거의 6번임)
-. DKK/DOCOMO/700M_2T2R:	6. aarch64-xilinx-linux   ( 12.2.0 - 2023.1 ) - ( UQ[DPD], N-DAS MU-RU, J-TOWER R1 )
* setenv 관련
disable_app = "app_start.sh start" 실행않함
disable_rpt_app = "app_start.sh start" 실행하며, 그 내부에서 "rpt_app"만 실행않함.
disable_rpt_app 상태로 linux 진입한 경우 "rpt_app"만 실행해서 문제점을 확인해 볼 수 있습니다.

pkg -i oru_app.pkg 는 부팅 메시지에서 보이듯이 
	install 'oru_ap.pkg.1' package ... OK 를 통해 root/디렉토리에 풀어 놓는 역할을 함.
	override /media/cfg/rootfs to /
	override /media/work/rootfs to /
	
	해당 디렉토리에 파일이 있는지 주의.

[sync]
[14:45 0.05] kang39@WTH:np-solid_master $ cd sync
[14:46 0.04] kang39@WTH:sync $ git br
* (HEAD 59c2208 위치에서 분리됨)
  master
[14:46 0.04] kang39@WTH:sync $ git checkout np_sync_v4.0.0
[14:47 0.08] kang39@WTH:sync $ make

++++++++++++++++++++++++++++++++++++ Hello User ++++++++++++++++++++++++++++++++++++
Please source sync_timing_driver_env.sh to setup the build env before attempting to compile the code !!!

Usage: source ./sync_timing_driver_env.sh <Optional Preset>
Default Preset = default

------------------------------------- Goodbye --------------------------------------

exit 1
Makefile:47: recipe for target 'sync_timing_check_env' failed
make: *** [sync_timing_check_env] Error 1
[14:47 0.08] kang39@WTH:sync $ source sync_timing_driver_env.sh
[14:48 0.06] kang39@WTH:sync $ make
.
.
.
cp: 대상 './output/binaries' 은 디렉터리가 아님
Makefile:33: recipe for target 'all' failed
make: *** [all] Error 1
[14:51 0.34] kang39@WTH:sync $ mkdir -p ./output/binaries
[14:51 0.39] kang39@WTH:sync $ make
[14:53 0.09] kang39@WTH:sync $ cd ..
[14:53 0.06] kang39@WTH:np-solid_master $ ll
[14:53 0.06] kang39@WTH:np-solid_master $ pwd
/home/kang39/work/ORAN/np-solid_master
[14:53 0.06] kang39@WTH:np-solid_master $ git st
현재 브랜치 NP/SOLID/master
브랜치가 'origin/NP/SOLID/master'에 맞게 업데이트된 상태입니다.

커밋하도록 정하지 않은 변경 사항:
  (무엇을 커밋할지 바꾸려면 "git add <파일>..."을 사용하십시오)
  (작업 폴더의 변경 사항을 버리려면 "git checkout -- <파일>..."을 사용하십시오)

        수정함:        sync_timing_driver/rootfs/usr/bin/esmcconfig
        수정함:        sync_timing_driver/rootfs/usr/bin/ptp2config
        수정함:        sync_timing_driver/rootfs/usr/bin/push_tod_on_pps
        수정함:        sync_timing_driver/rootfs/usr/bin/sync_timing_core_driver
        수정함:        sync_timing_driver/rootfs/usr/bin/sync_timing_esmc
        수정함:        sync_timing_driver/rootfs/usr/bin/sync_timing_phc_synchronizer
        수정함:        sync_timing_driver/rootfs/usr/bin/sync_timing_ptp2applib_tester
        수정함:        sync_timing_driver/rootfs/usr/bin/sync_timing_ptp2stack
        수정함:        sync_timing_driver/rootfs/usr/bin/sync_timing_util

커밋할 변경 사항을 추가하지 않았습니다 ("git add" 및/또는 "git commit -a"를
사용하십시오)

root@oru:~# sync_timing_util -P 0 -I 2
optarg = 0, PllId = 0
optarg = 2, InputId = 2
gSyncTimingUtilInfo.SyncTimingUtilOpn = 26
----- PLL INPUT SELECT SET SUCCESSFULLY -----
root@oru:~# sync_timing_util -P 0
optarg = 0, PllId = 0
gSyncTimingUtilInfo.SyncTimingUtilOpn = 22

*************************************************************************
----- PLL STATUS (0x01) OBTAINED SUCCESSFULLY -----
---------- STATUS_PLL_LOCKED
---------- Current PLL Input = SYNC_TIMING_CLOCKADJ_PLL_INPUT_SELECT_IN2

************************************************************************




[Thread]
n_pthread_create


[VSCode]
indent 문제 발생 시(remote server 접속 시)
	Ctrl+Shift+P → Preferences: Open Remote Settings (JSON)(SSH: 192.168.50.219) 선택.
	settings.json 파일을 아래와 같이 수정
	//저장시 문제 발생
	{
    "editor.tabSize": 8,         // Tabstop을 8로 설정
    "editor.detectIndentation": false, // 자동 들여쓰기 감지 비활성화
    "editor.insertSpaces": true, // 탭 대신 공백 삽입 비활성화
    "editor.indentSize": 4,      // 들여쓰기 크기(Indent Size)를 4로 설정
    "[c]": {
        "editor.tabSize": 8,
        "editor.insertSpaces": true,
        "editor.indentSize": 4
    },
    "editor.autoIndent": "full"
}
//저장해도 문제가 발생하지 않음.
{
	"[c]": {
		"editor.tabsize": 8, // Tabstop을 8로 설정
		"editor.indentSize": 4,
		"editor.insertSpaces": true, //스페이스로 들여쓰기. 탭 키를 누르면 4개의 스페이스가 삽입.
		"editor.detectIndentation": false, // 자동 들여쓰기 감지 비활성화
		"editor.formatOnSave": false // 저장 시 자동 서식 비활성화
	},
	"editor.autoIndent": "full"
}





[Temp]
run_sim.sh
branch: afe77xxd_sim~~
cli command: ./scripts/run_sim.sh 실행 후 afe 명령
fw_printenv 
fw_setenv disable_rpt_app	-> 수동 부팅. app실행을 일단 멈추고 부팅.
rpt_app						-> 수동 부팅 후 app 실행.

비교 참고 브랜치: uplus_5g_mb_ve/master, n-das/master

주기적으로 reboot할 때
	boot mode로 진입: RU
	rru> setenv disable_app 1
	rru> reset

__maybe_unused => 사용하지 않을 수도 있음을 명시. 컴파일 warnning을 방지하기 위해. 예) int functionxxx(int input __maybe_unused) 식으로 사용할 수 있음.



[daily cmd]
dpkg, apt install, apt-get install, ps -aef |grep rpt_app

secureBoot
Neovim

